// Jest Snapshot v1, https://goo.gl/fbAQLP

exports[`Residences The component render correctly 1`] = `
<div>
  <div
    class="container"
  >
    <h3
      class="center"
    >
      Residences
    </h3>
  </div>
</div>
`;
