// Jest Snapshot v1, https://goo.gl/fbAQLP

exports[`SingleResident The component render correctly 1`] = `
<div>
  <div>
    <div
      class="card teal lighten-4"
    >
      <div
        class="card-content"
      >
        <span
          class="card-title"
        >
          Test
           
          Tester
        </span>
      </div>
      <div
        class="card-action"
      >
        <p>
          Address: 
          here
        </p>
        <p>
          Phone number: 
          345345
        </p>
        <p>
          Email: 
          test@mail.com
        </p>
      </div>
    </div>
  </div>
</div>
`;
